// Jest Snapshot v1, https://goo.gl/fbAQLP

exports[`Steps rtl render component should be rendered correctly in RTL direction 1`] = `
<div
  class="ezd-steps ezd-steps-horizontal ezd-steps-rtl ezd-steps-label-horizontal"
/>
`;
