// Jest Snapshot v1, https://goo.gl/fbAQLP

exports[`BackTop rtl render component should be rendered correctly in RTL direction 1`] = `
<div
  class="ezd-back-top ezd-back-top-rtl"
/>
`;
