// Jest Snapshot v1, https://goo.gl/fbAQLP

exports[`TreeSelect TreeSelect Custom Icons should \`treeIcon\` work 1`] = `
<div
  class="ezd-select ezd-tree-select ezd-select-single ezd-select-show-arrow ezd-select-open"
>
  <div
    class="ezd-select-selector"
  >
    <span
      class="ezd-select-selection-search"
    >
      <input
        aria-activedescendant="rc_select_TEST_OR_SSR_list_0"
        aria-autocomplete="list"
        aria-controls="rc_select_TEST_OR_SSR_list"
        aria-expanded="true"
        aria-haspopup="listbox"
        aria-owns="rc_select_TEST_OR_SSR_list"
        autocomplete="off"
        class="ezd-select-selection-search-input"
        id="rc_select_TEST_OR_SSR"
        readonly=""
        role="combobox"
        style="opacity: 0;"
        type="search"
        unselectable="on"
        value=""
      />
    </span>
    <span
      class="ezd-select-selection-placeholder"
    />
  </div>
  <div>
    <div
      class="ezd-select-dropdown ezd-tree-select-dropdown ezd-slide-up-appear ezd-slide-up-appear-prepare ezd-slide-up"
      style="opacity: 0; pointer-events: none; min-width: 0; width: 0px;"
    >
      <div>
        <div>
          <div
            class="ezd-select-tree"
            role="tree"
          >
            <div>
              <input
                aria-label="for screen reader"
                disabled=""
                style="width: 0px; height: 0px; display: flex; overflow: hidden; opacity: 0; border: 0px; padding: 0px; margin: 0px;"
                value=""
              />
            </div>
            <div
              aria-hidden="true"
              class="ezd-select-tree-treenode"
              style="position: absolute; pointer-events: none; visibility: hidden; height: 0px; overflow: hidden;"
            >
              <div
                class="ezd-select-tree-indent"
              >
                <div
                  class="ezd-select-tree-indent-unit"
                />
              </div>
            </div>
            <div
              class="ezd-select-tree-list"
              style="position: relative;"
            >
              <div
                class="ezd-select-tree-list-holder"
                style="max-height: 256px; overflow-y: auto;"
              >
                <div>
                  <div
                    class="ezd-select-tree-list-holder-inner"
                    style="display: flex; flex-direction: column;"
                  >
                    <div
                      aria-grabbed="false"
                      class="ezd-select-tree-treenode ezd-select-tree-treenode-switcher-close ezd-select-tree-treenode-leaf-last"
                      draggable="false"
                    >
                      <span
                        aria-hidden="true"
                        class="ezd-select-tree-indent"
                      />
                      <span
                        class="ezd-select-tree-switcher ezd-select-tree-switcher-noop"
                      />
                      <span
                        class="ezd-select-tree-node-content-wrapper ezd-select-tree-node-content-wrapper-normal"
                        title="parent 1"
                      >
                        <span
                          class="ezd-select-tree-iconEle ezd-select-tree-icon__customize"
                        >
                          <span>
                            Bamboo
                          </span>
                        </span>
                        <span
                          class="ezd-select-tree-title"
                        >
                          parent 1
                        </span>
                      </span>
                    </div>
                  </div>
                </div>
              </div>
            </div>
          </div>
        </div>
      </div>
    </div>
  </div>
  <span
    aria-hidden="true"
    class="ezd-select-arrow"
    style="user-select: none;"
    unselectable="on"
  >
    <span
      aria-label="down"
      class="anticon anticon-down ezd-select-suffix"
      role="img"
    >
      <svg
        aria-hidden="true"
        data-icon="down"
        fill="currentColor"
        focusable="false"
        height="1em"
        viewBox="64 64 896 896"
        width="1em"
      >
        <path
          d="M884 256h-75c-5.1 0-9.9 2.5-12.9 6.6L512 654.2 227.9 262.6c-3-4.1-7.8-6.6-12.9-6.6h-75c-6.5 0-10.3 7.4-6.5 12.7l352.6 486.1c12.8 17.6 39 17.6 51.7 0l352.6-486.1c3.9-5.3.1-12.7-6.4-12.7z"
        />
      </svg>
    </span>
  </span>
</div>
`;

exports[`TreeSelect TreeSelect Custom Icons should support customized icons 1`] = `
<div
  class="ezd-select ezd-tree-select ezd-select-multiple ezd-select-allow-clear ezd-select-show-search"
>
  <div
    class="ezd-select-selector"
  >
    <div
      class="ezd-select-selection-overflow"
    >
      <div
        class="ezd-select-selection-overflow-item"
        style="opacity: 1;"
      >
        <span
          class="ezd-select-selection-item"
          title="my leaf"
        >
          <span
            class="ezd-select-selection-item-content"
          >
            my leaf
          </span>
          <span
            aria-hidden="true"
            class="ezd-select-selection-item-remove"
            style="user-select: none;"
            unselectable="on"
          >
            <span>
              remove
            </span>
          </span>
        </span>
      </div>
      <div
        class="ezd-select-selection-overflow-item"
        style="opacity: 1;"
      >
        <span
          class="ezd-select-selection-item"
          title="your leaf"
        >
          <span
            class="ezd-select-selection-item-content"
          >
            your leaf
          </span>
          <span
            aria-hidden="true"
            class="ezd-select-selection-item-remove"
            style="user-select: none;"
            unselectable="on"
          >
            <span>
              remove
            </span>
          </span>
        </span>
      </div>
      <div
        class="ezd-select-selection-overflow-item ezd-select-selection-overflow-item-suffix"
        style="opacity: 1;"
      >
        <div
          class="ezd-select-selection-search"
          style="width: 0px;"
        >
          <input
            aria-activedescendant="rc_select_TEST_OR_SSR_list_0"
            aria-autocomplete="list"
            aria-controls="rc_select_TEST_OR_SSR_list"
            aria-haspopup="listbox"
            aria-owns="rc_select_TEST_OR_SSR_list"
            autocomplete="off"
            class="ezd-select-selection-search-input"
            id="rc_select_TEST_OR_SSR"
            readonly=""
            role="combobox"
            style="opacity: 0;"
            type="search"
            unselectable="on"
            value=""
          />
          <span
            aria-hidden="true"
            class="ezd-select-selection-search-mirror"
          >
            Â 
          </span>
        </div>
      </div>
    </div>
  </div>
  <span
    aria-hidden="true"
    class="ezd-select-clear"
    style="user-select: none;"
    unselectable="on"
  >
    <span>
      clear
    </span>
  </span>
</div>
`;

exports[`TreeSelect rtl render component should be rendered correctly in RTL direction 1`] = `
<div
  class="ezd-select ezd-tree-select ezd-select-rtl ezd-select-single ezd-select-show-arrow"
>
  <div
    class="ezd-select-selector"
  >
    <span
      class="ezd-select-selection-search"
    >
      <input
        aria-activedescendant="undefined_list_0"
        aria-autocomplete="list"
        aria-controls="undefined_list"
        aria-haspopup="listbox"
        aria-owns="undefined_list"
        autocomplete="off"
        class="ezd-select-selection-search-input"
        readonly=""
        role="combobox"
        style="opacity:0"
        type="search"
        unselectable="on"
        value=""
      />
    </span>
    <span
      class="ezd-select-selection-placeholder"
    />
  </div>
  <span
    aria-hidden="true"
    class="ezd-select-arrow"
    style="user-select:none;-webkit-user-select:none"
    unselectable="on"
  >
    <span
      aria-label="down"
      class="anticon anticon-down ezd-select-suffix"
      role="img"
    >
      <svg
        aria-hidden="true"
        data-icon="down"
        fill="currentColor"
        focusable="false"
        height="1em"
        viewBox="64 64 896 896"
        width="1em"
      >
        <path
          d="M884 256h-75c-5.1 0-9.9 2.5-12.9 6.6L512 654.2 227.9 262.6c-3-4.1-7.8-6.6-12.9-6.6h-75c-6.5 0-10.3 7.4-6.5 12.7l352.6 486.1c12.8 17.6 39 17.6 51.7 0l352.6-486.1c3.9-5.3.1-12.7-6.4-12.7z"
        />
      </svg>
    </span>
  </span>
</div>
`;
